{
  "timestamp": "2025-09-20T07:54:16.798Z",
  "files": {
    "strategy": {
      "exists": true,
      "size": 4235,
      "sizeValid": true,
      "contentValid": true,
      "missingPatterns": [],
      "schemaValid": true
    },
    "claudeConfig": {
      "exists": true,
      "size": 1312,
      "sizeValid": true,
      "contentValid": true,
      "missingPatterns": [],
      "schemaValid": true
    },
    "packageJson": {
      "exists": true,
      "size": 5807,
      "sizeValid": true,
      "contentValid": true,
      "missingPatterns": [],
      "schemaValid": true
    },
    "orchestrator": {
      "exists": false,
      "error": "ENOENT: no such file or directory, stat '/Users/rla/Projects/AUTOPM/.claude/orchestrator.md'",
      "required": false
    }
  },
  "features": {
    "parallelExecution": {
      "feature": "Parallel agent execution",
      "testsExist": true,
      "patternsFound": true,
      "details": [
        {
          "file": "test/security/integration.test.js",
          "exists": true,
          "patternsFound": 3,
          "totalPatterns": 3
        }
      ]
    },
    "contextIsolation": {
      "feature": "Context isolation between agents",
      "testsExist": true,
      "patternsFound": true,
      "details": [
        {
          "file": "test/security/integration.test.js",
          "exists": true,
          "patternsFound": 2,
          "totalPatterns": 3
        }
      ]
    },
    "resourceLimits": {
      "feature": "Resource limit enforcement",
      "testsExist": true,
      "patternsFound": true,
      "details": [
        {
          "file": "test/security/performance.test.js",
          "exists": true,
          "patternsFound": 1,
          "totalPatterns": 3
        }
      ]
    },
    "errorRecovery": {
      "feature": "Error recovery mechanisms",
      "testsExist": true,
      "patternsFound": true,
      "details": [
        {
          "file": "test/security/integration.test.js",
          "exists": true,
          "patternsFound": 2,
          "totalPatterns": 3
        }
      ]
    }
  },
  "summary": {
    "totalFiles": 4,
    "validFiles": 3,
    "totalFeatures": 4,
    "validFeatures": 4,
    "health": 87.5
  }
}